22:35:18 **** Incremental Build of configuration Debug for project End slave station ****
make -j32 all 
arm-none-eabi-gcc "../Core/Src/stm32f1xx_it.c" -mcpu=cortex-m3 -std=gnu11 -g3 -DDEBUG -DUSE_HAL_DRIVER -DSTM32F103xB -c -I../Core/Inc -I../Drivers/STM32F1xx_HAL_Driver/Inc/Legacy -I../Drivers/STM32F1xx_HAL_Driver/Inc -I../Drivers/CMSIS/Device/ST/STM32F1xx/Include -I../Drivers/CMSIS/Include -O0 -ffunction-sections -fdata-sections -Wall -fstack-usage -fcyclomatic-complexity -MMD -MP -MF"Core/Src/stm32f1xx_it.d" -MT"Core/Src/stm32f1xx_it.o" --specs=nano.specs -mfloat-abi=soft -mthumb -o "Core/Src/stm32f1xx_it.o"
arm-none-eabi-gcc "../Core/Src/usart.c" -mcpu=cortex-m3 -std=gnu11 -g3 -DDEBUG -DUSE_HAL_DRIVER -DSTM32F103xB -c -I../Core/Inc -I../Drivers/STM32F1xx_HAL_Driver/Inc/Legacy -I../Drivers/STM32F1xx_HAL_Driver/Inc -I../Drivers/CMSIS/Device/ST/STM32F1xx/Include -I../Drivers/CMSIS/Include -O0 -ffunction-sections -fdata-sections -Wall -fstack-usage -fcyclomatic-complexity -MMD -MP -MF"Core/Src/usart.d" -MT"Core/Src/usart.o" --specs=nano.specs -mfloat-abi=soft -mthumb -o "Core/Src/usart.o"
arm-none-eabi-gcc -o "End slave station.elf" @"objects.list"   -mcpu=cortex-m3 -T"C:\Users\MJF\Desktop\CICM2026\TEST\End slave station\STM32F103C8TX_FLASH.ld" --specs=nosys.specs -Wl,-Map="End slave station.map" -Wl,--gc-sections -static --specs=nano.specs -mfloat-abi=soft -mthumb -Wl,--start-group -lc -lm -Wl,--end-group
Finished building target: End slave station.elf
 
arm-none-eabi-size  End\ slave\ station.elf 
arm-none-eabi-objdump -h -S End\ slave\ station.elf  > "End slave station.list"
   text	   data	    bss	    dec	    hex	filename
  11140	     12	   2036	  13188	   3384	End slave station.elf
Finished building: default.size.stdout
 
Finished building: End slave station.list
 

22:35:20 Build Finished. 0 errors, 0 warnings. (took 1s.850ms)

