09:35:24 **** Incremental Build of configuration Debug for project Main station module ****
make -j32 all 
arm-none-eabi-gcc "../Core/Src/main.c" -mcpu=cortex-m3 -std=gnu11 -g3 -DDEBUG -DUSE_HAL_DRIVER -DSTM32F103xB -c -I../Core/Inc -I../Drivers/STM32F1xx_HAL_Driver/Inc/Legacy -I../Drivers/STM32F1xx_HAL_Driver/Inc -I../Drivers/CMSIS/Device/ST/STM32F1xx/Include -I../Drivers/CMSIS/Include -O0 -ffunction-sections -fdata-sections -Wall -fstack-usage -fcyclomatic-complexity -MMD -MP -MF"Core/Src/main.d" -MT"Core/Src/main.o" --specs=nano.specs -mfloat-abi=soft -mthumb -o "Core/Src/main.o"
arm-none-eabi-gcc -o "Main station module.elf" @"objects.list"   -mcpu=cortex-m3 -T"C:\Users\MJF\Desktop\CICM2026\TEST\Main station module\STM32F103C8TX_FLASH.ld" --specs=nosys.specs -Wl,-Map="Main station module.map" -Wl,--gc-sections -static --specs=nano.specs -mfloat-abi=soft -mthumb -Wl,--start-group -lc -lm -Wl,--end-group
Finished building target: Main station module.elf
 
arm-none-eabi-size  Main\ station\ module.elf 
arm-none-eabi-objdump -h -S Main\ station\ module.elf  > "Main station module.list"
   text	   data	    bss	    dec	    hex	filename
   5952	     24	   1640	   7616	   1dc0	Main station module.elf
Finished building: default.size.stdout
 
Finished building: Main station module.list
 

09:35:26 Build Finished. 0 errors, 0 warnings. (took 1s.599ms)

